
> vite-react-typescript-starter@0.0.0 build
> vite build

[36mvite v7.3.1 [32mbuilding client environment for production...[36m[39m
transforming...
[32m✓[39m 1551 modules transformed.
Generated an empty chunk: "vendor".
rendering chunks...
computing gzip size...
[2mdist/[22m[32mindex.html                   [39m[1m[2m  0.74 kB[22m[1m[22m[2m │ gzip:   0.40 kB[22m
[2mdist/[22m[35massets/index-FZ1hH7lt.css    [39m[1m[2m 54.87 kB[22m[1m[22m[2m │ gzip:  13.22 kB[22m
[2mdist/[22m[36massets/vendor-l0sNRNKZ.js    [39m[1m[2m  0.00 kB[22m[1m[22m[2m │ gzip:   0.02 kB[22m
[2mdist/[22m[36massets/ui-ZYq0g3i8.js        [39m[1m[2m 13.42 kB[22m[1m[22m[2m │ gzip:   5.23 kB[22m
[2mdist/[22m[36massets/index-C3LOHlCZ.js     [39m[1m[2m148.82 kB[22m[1m[22m[2m │ gzip:  38.29 kB[22m
[2mdist/[22m[36massets/leaflet-C69MAX4f.js   [39m[1m[2m289.81 kB[22m[1m[22m[2m │ gzip:  88.57 kB[22m
[2mdist/[22m[36massets/firebase-CXXdHTkC.js  [39m[1m[2m336.45 kB[22m[1m[22m[2m │ gzip: 104.59 kB[22m
[32m✓ built in 2.87s[39m
